// Jest Snapshot v1, https://goo.gl/fbAQLP

exports[`<CustomButton /> should render the button with all props passed 1`] = `
<button
  class="bg-blue-300 dark:bg-blue-800 text-white rounded-xl shadow-2xl hover:bg-opacity-90"
>
  Test
</button>
`;

exports[`<CustomButton /> should render the button with default props 1`] = `
<button
  class="bg-blue-300 dark:bg-blue-800 text-white rounded-xl shadow-2xl hover:bg-opacity-90"
>
  Test
</button>
`;
